C:\Users\holip\CriteriumBackend\Controllers\AssignmentsController.cs(147,27): error CS0103: El nombre 'secureUrl' no existe en el contexto actual [C:\Users\holip\CriteriumBackend\CriteriumBackend.csproj]

ERROR al compilar.
    2 Advertencia(s)
    1 Errores

Tiempo transcurrido 00:00:05.95
